<html>
<body>
<pre>
<h1>礦ision Build Log</h1>
<h2>Tool Versions:</h2>
IDE-Version: μVision V5.28.0.0
Copyright (C) 2019 ARM Ltd and ARM Germany GmbH. All rights reserved.
License Information: s Administrator, s, LIC=CRMHL-0RCR3-XAWDC-7HJXP-NY0S3-GZVMG
 
Tool Versions:
Toolchain:       MDK-ARM Professional  Version: 5.28.0.0
Toolchain Path:  g:\Keil_v5\ARM\ARMCC\Bin
C Compiler:      Armcc.exe V5.06 update 6 (build 750)
Assembler:       Armasm.exe V5.06 update 6 (build 750)
Linker/Locator:  ArmLink.exe V5.06 update 6 (build 750)
Library Manager: ArmAr.exe V5.06 update 6 (build 750)
Hex Converter:   FromElf.exe V5.06 update 6 (build 750)
CPU DLL:         SARMCM3.DLL V5.28.0.0
Dialog DLL:      DCM.DLL V1.17.3.0
Target DLL:      STLink\ST-LINKIII-KEIL_SWO.dll V3.0.6.0
Dialog DLL:      TCM.DLL V1.36.2.0
 
<h2>Project:</h2>
C:\Users\Administrator\Desktop\git仓库\hunnanbei\mini-电机定位整合\USER\KEY.uvprojx
Project File Date:  08/27/2019

<h2>Output:</h2>
*** Using Compiler 'V5.06 update 6 (build 750)', folder: 'g:\Keil_v5\ARM\ARMCC\Bin'
Rebuild target 'KEY'
compiling system_stm32f10x.c...
compiling stm32f10x_it.c...
compiling main.c...
main.c(18): warning:  #177-D: variable "laser_distance"  was declared but never referenced
  static float laser_distance;
main.c: 1 warning, 0 errors
compiling point2point.c...
compiling pid.c...
compiling key.c...
compiling can.c...
compiling move_base.c...
compiling timer.c...
compiling CAN_Receive.c...
compiling led.c...
compiling lcd.c...
compiling ps2.c...
compiling delay.c...
compiling core_cm3.c...
compiling sys.c...
assembling startup_stm32f10x_hd.s...
compiling usart.c...
compiling stm32f10x_gpio.c...
compiling stm32f10x_rcc.c...
compiling stm32f10x_usart.c...
compiling misc.c...
compiling stm32f10x_can.c...
compiling stm32f10x_tim.c...
compiling stm32f10x_dma.c...
linking...
Program Size: Code=54574 RO-data=7074 RW-data=216 ZI-data=2584  
FromELF: creating hex file...
"..\OBJ\KEY.axf" - 0 Error(s), 1 Warning(s).

<h2>Software Packages used:</h2>

Package Vendor: Keil
                http://www.keil.com/pack/Keil.STM32F1xx_DFP.2.3.0.pack
                Keil.STM32F1xx_DFP.2.3.0
                STMicroelectronics STM32F1 Series Device Support, Drivers and Examples

<h2>Collection of Component include folders:</h2>
  .\RTE\_KEY
  g:\Users\Administrator\AppData\Local\Arm\Packs\Keil\STM32F1xx_DFP\2.3.0\Device\Include

<h2>Collection of Component Files used:</h2>
Build Time Elapsed:  00:00:08
</pre>
</body>
</html>
